# Tests that all nodes are printed from a file

loaded graph nfl
nfl contains: BROCK-PURDY DANIEL-JONES GENO-SMITH GEORGE-KITTLE JORDYN-BROOKS MIKE-EVANS PEYTON-MANNING ROB-GRONKOWSKI RUSSEL-WILSON SAQUON-BARKLEY TOM-BRADY TRISTAN-WURFS