# Create 2 Graphs Expected File
# Test to create 2 graphs
created graph graph1
created graph graph2

# Print the nodes in the graph
graph1 contains:
graph2 contains: