# Create Graph Expected File
# Test to create a graph
created graph graph1

# Print the nodes in the graph
graph1 contains: